// Jest Snapshot v1, https://goo.gl/fbAQLP

exports[`Repos matches a repo 1`] = `
<header>
  <div>
    <p>
      somerepo
    </p>
  </div>
</header>
`;
