// Jest Snapshot v1, https://goo.gl/fbAQLP

exports[`User matches a user 1`] = `
<Fragment>
  <input
    type="text"
    value="shaka2pass"
  />
</Fragment>
`;
